Building source distribution...
/home/ubuntu/.cache/uv/builds-v0/.tmppoi0D5/lib/python3.12/site-packages/setuptools/config/_apply_pyprojecttoml.py:82: SetuptoolsDeprecationWarning: `project.license` as a TOML table is deprecated
!!

        ********************************************************************************
        Please use a simple string containing a SPDX expression for `project.license`. You can also use `project.license-files`. (Both options available on setuptools>=77.0.0).

        By 2027-Feb-18, you need to update your project and remove deprecated calls
        or your builds will no longer be supported.

        See https://packaging.python.org/en/latest/guides/writing-pyproject-toml/#license for details.
        ********************************************************************************

!!
  corresp(dist, value, root_dir)
running egg_info
writing src/witness_cl.egg-info/PKG-INFO
writing dependency_links to src/witness_cl.egg-info/dependency_links.txt
writing requirements to src/witness_cl.egg-info/requires.txt
writing top-level names to src/witness_cl.egg-info/top_level.txt
reading manifest file 'src/witness_cl.egg-info/SOURCES.txt'
adding license file 'LICENSE'
writing manifest file 'src/witness_cl.egg-info/SOURCES.txt'
/home/ubuntu/.cache/uv/builds-v0/.tmppoi0D5/lib/python3.12/site-packages/setuptools/config/_apply_pyprojecttoml.py:82: SetuptoolsDeprecationWarning: `project.license` as a TOML table is deprecated
!!

        ********************************************************************************
        Please use a simple string containing a SPDX expression for `project.license`. You can also use `project.license-files`. (Both options available on setuptools>=77.0.0).

        By 2027-Feb-18, you need to update your project and remove deprecated calls
        or your builds will no longer be supported.

        See https://packaging.python.org/en/latest/guides/writing-pyproject-toml/#license for details.
        ********************************************************************************

!!
  corresp(dist, value, root_dir)
running sdist
running egg_info
writing src/witness_cl.egg-info/PKG-INFO
writing dependency_links to src/witness_cl.egg-info/dependency_links.txt
writing requirements to src/witness_cl.egg-info/requires.txt
writing top-level names to src/witness_cl.egg-info/top_level.txt
reading manifest file 'src/witness_cl.egg-info/SOURCES.txt'
adding license file 'LICENSE'
writing manifest file 'src/witness_cl.egg-info/SOURCES.txt'
running check
creating witness_cl-0.10.0
creating witness_cl-0.10.0/src/witness_cl
creating witness_cl-0.10.0/src/witness_cl.egg-info
creating witness_cl-0.10.0/tests
copying files to witness_cl-0.10.0...
copying LICENSE -> witness_cl-0.10.0
copying README.md -> witness_cl-0.10.0
copying pyproject.toml -> witness_cl-0.10.0
copying src/witness_cl/__init__.py -> witness_cl-0.10.0/src/witness_cl
copying src/witness_cl/abstraction_v8.py -> witness_cl-0.10.0/src/witness_cl
copying src/witness_cl/actions_v9.py -> witness_cl-0.10.0/src/witness_cl
copying src/witness_cl/adaptive.py -> witness_cl-0.10.0/src/witness_cl
copying src/witness_cl/audit.py -> witness_cl-0.10.0/src/witness_cl
copying src/witness_cl/baselines.py -> witness_cl-0.10.0/src/witness_cl
copying src/witness_cl/bitset.py -> witness_cl-0.10.0/src/witness_cl
copying src/witness_cl/continuation.py -> witness_cl-0.10.0/src/witness_cl
copying src/witness_cl/core.py -> witness_cl-0.10.0/src/witness_cl
copying src/witness_cl/coupling.py -> witness_cl-0.10.0/src/witness_cl
copying src/witness_cl/discovery_repair_v9.py -> witness_cl-0.10.0/src/witness_cl
copying src/witness_cl/evidence_memory.py -> witness_cl-0.10.0/src/witness_cl
copying src/witness_cl/fragments_v8.py -> witness_cl-0.10.0/src/witness_cl
copying src/witness_cl/latent.py -> witness_cl-0.10.0/src/witness_cl
copying src/witness_cl/latent_agent.py -> witness_cl-0.10.0/src/witness_cl
copying src/witness_cl/latent_proposals.py -> witness_cl-0.10.0/src/witness_cl
copying src/witness_cl/latent_v5.py -> witness_cl-0.10.0/src/witness_cl
copying src/witness_cl/latent_v5_successor.py -> witness_cl-0.10.0/src/witness_cl
copying src/witness_cl/ledger.py -> witness_cl-0.10.0/src/witness_cl
copying src/witness_cl/likelihood.py -> witness_cl-0.10.0/src/witness_cl
copying src/witness_cl/llm_client.py -> witness_cl-0.10.0/src/witness_cl
copying src/witness_cl/local_audit.py -> witness_cl-0.10.0/src/witness_cl
copying src/witness_cl/memory_v8.py -> witness_cl-0.10.0/src/witness_cl
copying src/witness_cl/memory_v9.py -> witness_cl-0.10.0/src/witness_cl
copying src/witness_cl/model_v8.py -> witness_cl-0.10.0/src/witness_cl
copying src/witness_cl/model_v9.py -> witness_cl-0.10.0/src/witness_cl
copying src/witness_cl/model_v9_compatible.py -> witness_cl-0.10.0/src/witness_cl
copying src/witness_cl/online_ridge.py -> witness_cl-0.10.0/src/witness_cl
copying src/witness_cl/probe_v6.py -> witness_cl-0.10.0/src/witness_cl
copying src/witness_cl/programs.py -> witness_cl-0.10.0/src/witness_cl
copying src/witness_cl/protected.py -> witness_cl-0.10.0/src/witness_cl
copying src/witness_cl/relational.py -> witness_cl-0.10.0/src/witness_cl
copying src/witness_cl/relational_v7.py -> witness_cl-0.10.0/src/witness_cl
copying src/witness_cl/sql_env_v8.py -> witness_cl-0.10.0/src/witness_cl
copying src/witness_cl/sql_env_v9.py -> witness_cl-0.10.0/src/witness_cl
copying src/witness_cl/statistical_gate_v7.py -> witness_cl-0.10.0/src/witness_cl
copying src/witness_cl/system.py -> witness_cl-0.10.0/src/witness_cl
copying src/witness_cl/tracking.py -> witness_cl-0.10.0/src/witness_cl
copying src/witness_cl/types.py -> witness_cl-0.10.0/src/witness_cl
copying src/witness_cl/vector_contract.py -> witness_cl-0.10.0/src/witness_cl
copying src/witness_cl/versioned_training.py -> witness_cl-0.10.0/src/witness_cl
copying src/witness_cl.egg-info/PKG-INFO -> witness_cl-0.10.0/src/witness_cl.egg-info
copying src/witness_cl.egg-info/SOURCES.txt -> witness_cl-0.10.0/src/witness_cl.egg-info
copying src/witness_cl.egg-info/dependency_links.txt -> witness_cl-0.10.0/src/witness_cl.egg-info
copying src/witness_cl.egg-info/requires.txt -> witness_cl-0.10.0/src/witness_cl.egg-info
copying src/witness_cl.egg-info/top_level.txt -> witness_cl-0.10.0/src/witness_cl.egg-info
copying tests/test_abstraction_v8.py -> witness_cl-0.10.0/tests
copying tests/test_actions_v9.py -> witness_cl-0.10.0/tests
copying tests/test_audit.py -> witness_cl-0.10.0/tests
copying tests/test_audit_competence_v9.py -> witness_cl-0.10.0/tests
copying tests/test_audit_relational_v7.py -> witness_cl-0.10.0/tests
copying tests/test_audit_sql_v8.py -> witness_cl-0.10.0/tests
copying tests/test_audit_sql_v9.py -> witness_cl-0.10.0/tests
copying tests/test_audit_v6.py -> witness_cl-0.10.0/tests
copying tests/test_clbench_core.py -> witness_cl-0.10.0/tests
copying tests/test_clbench_native.py -> witness_cl-0.10.0/tests
copying tests/test_core.py -> witness_cl-0.10.0/tests
copying tests/test_current_results.py -> witness_cl-0.10.0/tests
copying tests/test_discovery_repair_v9.py -> witness_cl-0.10.0/tests
copying tests/test_experiment_v7.py -> witness_cl-0.10.0/tests
copying tests/test_formal_v10.py -> witness_cl-0.10.0/tests
copying tests/test_formal_v6.py -> witness_cl-0.10.0/tests
copying tests/test_gh200_runtime.py -> witness_cl-0.10.0/tests
copying tests/test_ledger_and_dsl.py -> witness_cl-0.10.0/tests
copying tests/test_legacy_replay.py -> witness_cl-0.10.0/tests
copying tests/test_llm_client.py -> witness_cl-0.10.0/tests
copying tests/test_local_pilot_v5.py -> witness_cl-0.10.0/tests
copying tests/test_memory_v9.py -> witness_cl-0.10.0/tests
copying tests/test_model_memory_v8.py -> witness_cl-0.10.0/tests
copying tests/test_model_v9.py -> witness_cl-0.10.0/tests
copying tests/test_model_v9_compatible.py -> witness_cl-0.10.0/tests
copying tests/test_online_ridge.py -> witness_cl-0.10.0/tests
copying tests/test_probe_v6.py -> witness_cl-0.10.0/tests
copying tests/test_probe_v6_review.py -> witness_cl-0.10.0/tests
copying tests/test_relational_v7.py -> witness_cl-0.10.0/tests
copying tests/test_replay_at_revision.py -> witness_cl-0.10.0/tests
copying tests/test_replay_study.py -> witness_cl-0.10.0/tests
copying tests/test_sql_env_v8.py -> witness_cl-0.10.0/tests
copying tests/test_sql_env_v9.py -> witness_cl-0.10.0/tests
copying tests/test_sql_harness_v8.py -> witness_cl-0.10.0/tests
copying tests/test_sql_harness_v9.py -> witness_cl-0.10.0/tests
copying tests/test_stateful_sql.py -> witness_cl-0.10.0/tests
copying tests/test_statistical_bridge_v7.py -> witness_cl-0.10.0/tests
copying tests/test_statistical_gate_v7.py -> witness_cl-0.10.0/tests
copying tests/test_typed_fragments_v8.py -> witness_cl-0.10.0/tests
copying tests/test_v2.py -> witness_cl-0.10.0/tests
copying tests/test_v3_continuation.py -> witness_cl-0.10.0/tests
copying tests/test_v3_training.py -> witness_cl-0.10.0/tests
copying tests/test_v3_vector.py -> witness_cl-0.10.0/tests
copying tests/test_v4_latent.py -> witness_cl-0.10.0/tests
copying tests/test_v4_proposals.py -> witness_cl-0.10.0/tests
copying tests/test_v5_complementarity.py -> witness_cl-0.10.0/tests
copying tests/test_v5_decision.py -> witness_cl-0.10.0/tests
copying tests/test_v5_successor.py -> witness_cl-0.10.0/tests
copying tests/test_v8_results.py -> witness_cl-0.10.0/tests
copying tests/test_v9_results.py -> witness_cl-0.10.0/tests
Writing witness_cl-0.10.0/setup.cfg
Creating tar archive
removing 'witness_cl-0.10.0' (and everything under it)
Building wheel from source distribution...
/home/ubuntu/.cache/uv/builds-v0/.tmpvHx0gW/lib/python3.12/site-packages/setuptools/config/_apply_pyprojecttoml.py:82: SetuptoolsDeprecationWarning: `project.license` as a TOML table is deprecated
!!

        ********************************************************************************
        Please use a simple string containing a SPDX expression for `project.license`. You can also use `project.license-files`. (Both options available on setuptools>=77.0.0).

        By 2027-Feb-18, you need to update your project and remove deprecated calls
        or your builds will no longer be supported.

        See https://packaging.python.org/en/latest/guides/writing-pyproject-toml/#license for details.
        ********************************************************************************

!!
  corresp(dist, value, root_dir)
running egg_info
writing src/witness_cl.egg-info/PKG-INFO
writing dependency_links to src/witness_cl.egg-info/dependency_links.txt
writing requirements to src/witness_cl.egg-info/requires.txt
writing top-level names to src/witness_cl.egg-info/top_level.txt
reading manifest file 'src/witness_cl.egg-info/SOURCES.txt'
adding license file 'LICENSE'
writing manifest file 'src/witness_cl.egg-info/SOURCES.txt'
/home/ubuntu/.cache/uv/builds-v0/.tmpvHx0gW/lib/python3.12/site-packages/setuptools/config/_apply_pyprojecttoml.py:82: SetuptoolsDeprecationWarning: `project.license` as a TOML table is deprecated
!!

        ********************************************************************************
        Please use a simple string containing a SPDX expression for `project.license`. You can also use `project.license-files`. (Both options available on setuptools>=77.0.0).

        By 2027-Feb-18, you need to update your project and remove deprecated calls
        or your builds will no longer be supported.

        See https://packaging.python.org/en/latest/guides/writing-pyproject-toml/#license for details.
        ********************************************************************************

!!
  corresp(dist, value, root_dir)
running bdist_wheel
running build
running build_py
creating build/lib/witness_cl
copying src/witness_cl/protected.py -> build/lib/witness_cl
copying src/witness_cl/sql_env_v8.py -> build/lib/witness_cl
copying src/witness_cl/latent_agent.py -> build/lib/witness_cl
copying src/witness_cl/memory_v9.py -> build/lib/witness_cl
copying src/witness_cl/programs.py -> build/lib/witness_cl
copying src/witness_cl/model_v9_compatible.py -> build/lib/witness_cl
copying src/witness_cl/abstraction_v8.py -> build/lib/witness_cl
copying src/witness_cl/versioned_training.py -> build/lib/witness_cl
copying src/witness_cl/discovery_repair_v9.py -> build/lib/witness_cl
copying src/witness_cl/baselines.py -> build/lib/witness_cl
copying src/witness_cl/online_ridge.py -> build/lib/witness_cl
copying src/witness_cl/relational_v7.py -> build/lib/witness_cl
copying src/witness_cl/continuation.py -> build/lib/witness_cl
copying src/witness_cl/latent_v5_successor.py -> build/lib/witness_cl
copying src/witness_cl/system.py -> build/lib/witness_cl
copying src/witness_cl/statistical_gate_v7.py -> build/lib/witness_cl
copying src/witness_cl/memory_v8.py -> build/lib/witness_cl
copying src/witness_cl/latent.py -> build/lib/witness_cl
copying src/witness_cl/model_v8.py -> build/lib/witness_cl
copying src/witness_cl/local_audit.py -> build/lib/witness_cl
copying src/witness_cl/fragments_v8.py -> build/lib/witness_cl
copying src/witness_cl/probe_v6.py -> build/lib/witness_cl
copying src/witness_cl/latent_v5.py -> build/lib/witness_cl
copying src/witness_cl/likelihood.py -> build/lib/witness_cl
copying src/witness_cl/actions_v9.py -> build/lib/witness_cl
copying src/witness_cl/model_v9.py -> build/lib/witness_cl
copying src/witness_cl/core.py -> build/lib/witness_cl
copying src/witness_cl/tracking.py -> build/lib/witness_cl
copying src/witness_cl/adaptive.py -> build/lib/witness_cl
copying src/witness_cl/latent_proposals.py -> build/lib/witness_cl
copying src/witness_cl/__init__.py -> build/lib/witness_cl
copying src/witness_cl/types.py -> build/lib/witness_cl
copying src/witness_cl/llm_client.py -> build/lib/witness_cl
copying src/witness_cl/bitset.py -> build/lib/witness_cl
copying src/witness_cl/evidence_memory.py -> build/lib/witness_cl
copying src/witness_cl/ledger.py -> build/lib/witness_cl
copying src/witness_cl/relational.py -> build/lib/witness_cl
copying src/witness_cl/sql_env_v9.py -> build/lib/witness_cl
copying src/witness_cl/audit.py -> build/lib/witness_cl
copying src/witness_cl/vector_contract.py -> build/lib/witness_cl
copying src/witness_cl/coupling.py -> build/lib/witness_cl
running egg_info
writing src/witness_cl.egg-info/PKG-INFO
writing dependency_links to src/witness_cl.egg-info/dependency_links.txt
writing requirements to src/witness_cl.egg-info/requires.txt
writing top-level names to src/witness_cl.egg-info/top_level.txt
reading manifest file 'src/witness_cl.egg-info/SOURCES.txt'
adding license file 'LICENSE'
writing manifest file 'src/witness_cl.egg-info/SOURCES.txt'
installing to build/bdist.linux-aarch64/wheel
running install
running install_lib
creating build/bdist.linux-aarch64/wheel
creating build/bdist.linux-aarch64/wheel/witness_cl
copying build/lib/witness_cl/protected.py -> build/bdist.linux-aarch64/wheel/./witness_cl
copying build/lib/witness_cl/sql_env_v8.py -> build/bdist.linux-aarch64/wheel/./witness_cl
copying build/lib/witness_cl/latent_agent.py -> build/bdist.linux-aarch64/wheel/./witness_cl
copying build/lib/witness_cl/memory_v9.py -> build/bdist.linux-aarch64/wheel/./witness_cl
copying build/lib/witness_cl/programs.py -> build/bdist.linux-aarch64/wheel/./witness_cl
copying build/lib/witness_cl/model_v9_compatible.py -> build/bdist.linux-aarch64/wheel/./witness_cl
copying build/lib/witness_cl/abstraction_v8.py -> build/bdist.linux-aarch64/wheel/./witness_cl
copying build/lib/witness_cl/versioned_training.py -> build/bdist.linux-aarch64/wheel/./witness_cl
copying build/lib/witness_cl/discovery_repair_v9.py -> build/bdist.linux-aarch64/wheel/./witness_cl
copying build/lib/witness_cl/baselines.py -> build/bdist.linux-aarch64/wheel/./witness_cl
copying build/lib/witness_cl/online_ridge.py -> build/bdist.linux-aarch64/wheel/./witness_cl
copying build/lib/witness_cl/relational_v7.py -> build/bdist.linux-aarch64/wheel/./witness_cl
copying build/lib/witness_cl/continuation.py -> build/bdist.linux-aarch64/wheel/./witness_cl
copying build/lib/witness_cl/latent_v5_successor.py -> build/bdist.linux-aarch64/wheel/./witness_cl
copying build/lib/witness_cl/system.py -> build/bdist.linux-aarch64/wheel/./witness_cl
copying build/lib/witness_cl/statistical_gate_v7.py -> build/bdist.linux-aarch64/wheel/./witness_cl
copying build/lib/witness_cl/memory_v8.py -> build/bdist.linux-aarch64/wheel/./witness_cl
copying build/lib/witness_cl/latent.py -> build/bdist.linux-aarch64/wheel/./witness_cl
copying build/lib/witness_cl/model_v8.py -> build/bdist.linux-aarch64/wheel/./witness_cl
copying build/lib/witness_cl/local_audit.py -> build/bdist.linux-aarch64/wheel/./witness_cl
copying build/lib/witness_cl/fragments_v8.py -> build/bdist.linux-aarch64/wheel/./witness_cl
copying build/lib/witness_cl/probe_v6.py -> build/bdist.linux-aarch64/wheel/./witness_cl
copying build/lib/witness_cl/latent_v5.py -> build/bdist.linux-aarch64/wheel/./witness_cl
copying build/lib/witness_cl/likelihood.py -> build/bdist.linux-aarch64/wheel/./witness_cl
copying build/lib/witness_cl/actions_v9.py -> build/bdist.linux-aarch64/wheel/./witness_cl
copying build/lib/witness_cl/model_v9.py -> build/bdist.linux-aarch64/wheel/./witness_cl
copying build/lib/witness_cl/core.py -> build/bdist.linux-aarch64/wheel/./witness_cl
copying build/lib/witness_cl/tracking.py -> build/bdist.linux-aarch64/wheel/./witness_cl
copying build/lib/witness_cl/adaptive.py -> build/bdist.linux-aarch64/wheel/./witness_cl
copying build/lib/witness_cl/latent_proposals.py -> build/bdist.linux-aarch64/wheel/./witness_cl
copying build/lib/witness_cl/__init__.py -> build/bdist.linux-aarch64/wheel/./witness_cl
copying build/lib/witness_cl/types.py -> build/bdist.linux-aarch64/wheel/./witness_cl
copying build/lib/witness_cl/llm_client.py -> build/bdist.linux-aarch64/wheel/./witness_cl
copying build/lib/witness_cl/bitset.py -> build/bdist.linux-aarch64/wheel/./witness_cl
copying build/lib/witness_cl/evidence_memory.py -> build/bdist.linux-aarch64/wheel/./witness_cl
copying build/lib/witness_cl/ledger.py -> build/bdist.linux-aarch64/wheel/./witness_cl
copying build/lib/witness_cl/relational.py -> build/bdist.linux-aarch64/wheel/./witness_cl
copying build/lib/witness_cl/sql_env_v9.py -> build/bdist.linux-aarch64/wheel/./witness_cl
copying build/lib/witness_cl/audit.py -> build/bdist.linux-aarch64/wheel/./witness_cl
copying build/lib/witness_cl/vector_contract.py -> build/bdist.linux-aarch64/wheel/./witness_cl
copying build/lib/witness_cl/coupling.py -> build/bdist.linux-aarch64/wheel/./witness_cl
running install_egg_info
Copying src/witness_cl.egg-info to build/bdist.linux-aarch64/wheel/./witness_cl-0.10.0-py3.12.egg-info
running install_scripts
creating build/bdist.linux-aarch64/wheel/witness_cl-0.10.0.dist-info/WHEEL
creating '/tmp/witness-cl-distributions/.tmp-ogcbln3p/witness_cl-0.10.0-py3-none-any.whl' and adding 'build/bdist.linux-aarch64/wheel' to it
adding 'witness_cl/__init__.py'
adding 'witness_cl/abstraction_v8.py'
adding 'witness_cl/actions_v9.py'
adding 'witness_cl/adaptive.py'
adding 'witness_cl/audit.py'
adding 'witness_cl/baselines.py'
adding 'witness_cl/bitset.py'
adding 'witness_cl/continuation.py'
adding 'witness_cl/core.py'
adding 'witness_cl/coupling.py'
adding 'witness_cl/discovery_repair_v9.py'
adding 'witness_cl/evidence_memory.py'
adding 'witness_cl/fragments_v8.py'
adding 'witness_cl/latent.py'
adding 'witness_cl/latent_agent.py'
adding 'witness_cl/latent_proposals.py'
adding 'witness_cl/latent_v5.py'
adding 'witness_cl/latent_v5_successor.py'
adding 'witness_cl/ledger.py'
adding 'witness_cl/likelihood.py'
adding 'witness_cl/llm_client.py'
adding 'witness_cl/local_audit.py'
adding 'witness_cl/memory_v8.py'
adding 'witness_cl/memory_v9.py'
adding 'witness_cl/model_v8.py'
adding 'witness_cl/model_v9.py'
adding 'witness_cl/model_v9_compatible.py'
adding 'witness_cl/online_ridge.py'
adding 'witness_cl/probe_v6.py'
adding 'witness_cl/programs.py'
adding 'witness_cl/protected.py'
adding 'witness_cl/relational.py'
adding 'witness_cl/relational_v7.py'
adding 'witness_cl/sql_env_v8.py'
adding 'witness_cl/sql_env_v9.py'
adding 'witness_cl/statistical_gate_v7.py'
adding 'witness_cl/system.py'
adding 'witness_cl/tracking.py'
adding 'witness_cl/types.py'
adding 'witness_cl/vector_contract.py'
adding 'witness_cl/versioned_training.py'
adding 'witness_cl-0.10.0.dist-info/licenses/LICENSE'
adding 'witness_cl-0.10.0.dist-info/METADATA'
adding 'witness_cl-0.10.0.dist-info/WHEEL'
adding 'witness_cl-0.10.0.dist-info/top_level.txt'
adding 'witness_cl-0.10.0.dist-info/RECORD'
removing build/bdist.linux-aarch64/wheel
Successfully built /tmp/witness-cl-distributions/witness_cl-0.10.0.tar.gz
Successfully built /tmp/witness-cl-distributions/witness_cl-0.10.0-py3-none-any.whl
